// Jest Snapshot v1, https://goo.gl/fbAQLP

exports[`<TrackListItem /> 1`] = `
<div
  className="MuiBox-root MuiBox-root-2"
>
  <div
    aria-disabled={false}
    className="MuiButtonBase-root MuiListItem-root MuiListItem-gutters MuiListItem-button"
    onBlur={[Function]}
    onClick={[Function]}
    onDragLeave={[Function]}
    onFocus={[Function]}
    onKeyDown={[Function]}
    onKeyUp={[Function]}
    onMouseDown={[Function]}
    onMouseLeave={[Function]}
    onMouseUp={[Function]}
    onTouchEnd={[Function]}
    onTouchMove={[Function]}
    onTouchStart={[Function]}
    role="button"
    tabIndex={0}
  >
    <div
      className="MuiListItemAvatar-root"
    >
      <div
        className="MuiAvatar-root MuiAvatar-circle MuiAvatar-colorDefault"
        style={
          Object {
            "borderRadius": 0,
            "height": 65,
            "width": 65,
          }
        }
      >
        <svg
          aria-hidden={true}
          className="MuiSvgIcon-root MuiAvatar-fallback"
          focusable="false"
          viewBox="0 0 24 24"
        >
          <path
            d="M12 12c2.21 0 4-1.79 4-4s-1.79-4-4-4-4 1.79-4 4 1.79 4 4 4zm0 2c-2.67 0-8 1.34-8 4v2h16v-2c0-2.66-5.33-4-8-4z"
          />
        </svg>
      </div>
    </div>
    <div
      className="MuiListItemText-root"
      style={
        Object {
          "paddingLeft": 20,
        }
      }
    >
      <p
        className="MuiTypography-root MuiListItemText-secondary MuiTypography-body2 MuiTypography-colorTextSecondary MuiTypography-displayBlock"
      >
        Artist - 
        <br />
        Album - 
      </p>
    </div>
    <div
      style={
        Object {
          "fontSize": 25,
        }
      }
    >
      11
    </div>
  </div>
  <hr
    className="MuiDivider-root MuiDivider-inset"
  />
</div>
`;
