// Jest Snapshot v1, https://goo.gl/fbAQLP

exports[`<GenreListItem /> 1`] = `
<div
  className="MuiBox-root MuiBox-root-2"
>
  <div
    aria-disabled={false}
    className="MuiButtonBase-root MuiListItem-root MuiListItem-gutters MuiListItem-button"
    onBlur={[Function]}
    onClick={[Function]}
    onDragLeave={[Function]}
    onFocus={[Function]}
    onKeyDown={[Function]}
    onKeyUp={[Function]}
    onMouseDown={[Function]}
    onMouseLeave={[Function]}
    onMouseUp={[Function]}
    onTouchEnd={[Function]}
    onTouchMove={[Function]}
    onTouchStart={[Function]}
    role="button"
    tabIndex={0}
  >
    <div
      className="MuiListItemAvatar-root"
    >
      <div
        className="MuiAvatar-root MuiAvatar-circle MuiAvatar-colorDefault"
        style={
          Object {
            "backgroundColor": "rgba(0, 0, 0, 0)",
            "borderRadius": 0,
            "color": "#1DB954",
            "height": 65,
            "width": 65,
          }
        }
      >
        NaN
      </div>
    </div>
    <div
      className="MuiListItemText-root"
      style={
        Object {
          "paddingLeft": 20,
        }
      }
    >
      <p
        className="MuiTypography-root MuiListItemText-secondary MuiTypography-body2 MuiTypography-colorTextSecondary MuiTypography-displayBlock"
      >
         Artist
        
      </p>
    </div>
  </div>
  <hr
    className="MuiDivider-root MuiDivider-inset"
  />
</div>
`;
