// Jest Snapshot v1, https://goo.gl/fbAQLP

exports[`<AppConfiguration /> 1`] = `<div />`;
