// Jest Snapshot v1, https://goo.gl/fbAQLP

exports[`<RecentlyPlayedListItem /> 1`] = `
<div
  className="MuiBox-root MuiBox-root-2"
>
  <li
    className="MuiListItem-container"
  >
    <div
      aria-disabled={false}
      className="MuiButtonBase-root MuiListItem-root MuiListItem-gutters MuiListItem-button MuiListItem-secondaryAction"
      onBlur={[Function]}
      onClick={[Function]}
      onDragLeave={[Function]}
      onFocus={[Function]}
      onKeyDown={[Function]}
      onKeyUp={[Function]}
      onMouseDown={[Function]}
      onMouseLeave={[Function]}
      onMouseUp={[Function]}
      onTouchEnd={[Function]}
      onTouchMove={[Function]}
      onTouchStart={[Function]}
      role="button"
      tabIndex={0}
    >
      <div
        className="MuiListItemAvatar-root"
      >
        <div
          className="MuiAvatar-root MuiAvatar-circle"
          style={
            Object {
              "borderRadius": 0,
              "height": 65,
              "width": 65,
            }
          }
        >
          <img
            className="MuiAvatar-img"
            src="art"
          />
        </div>
      </div>
      <div
        className="MuiListItemText-root MuiListItemText-multiline"
        style={
          Object {
            "paddingLeft": 20,
          }
        }
      >
        <span
          className="MuiTypography-root MuiListItemText-primary MuiTypography-body1 MuiTypography-displayBlock"
        >
          Godzilla
        </span>
        <p
          className="MuiTypography-root MuiListItemText-secondary MuiTypography-body2 MuiTypography-colorTextSecondary MuiTypography-displayBlock"
        >
          <br />
          Music to be Murdered by
        </p>
      </div>
    </div>
    <div
      className="MuiListItemSecondaryAction-root"
    >
      2020
    </div>
  </li>
  <hr
    className="MuiDivider-root MuiDivider-inset"
  />
</div>
`;
