// Jest Snapshot v1, https://goo.gl/fbAQLP

exports[`<NumberOneArtistCard /> 1`] = `
<div
  className="MuiGrid-root MuiGrid-container MuiGrid-item MuiGrid-direction-xs-column MuiGrid-align-items-xs-center MuiGrid-justify-xs-center MuiGrid-grid-xs-12"
  style={
    Object {
      "marginTop": 200,
    }
  }
>
  <div
    className="MuiPaper-root MuiCard-root MuiElevatedCard--01 MuiPaper-elevation1 MuiPaper-rounded"
  >
    <div
      className="MuiCardHeader-root MuiCardHeader-root-3"
    >
      <div
        className="MuiCardHeader-content"
      >
        <span
          className="MuiTypography-root MuiCardHeader-title MuiCardHeader-title MuiTypography-h5 MuiTypography-displayBlock"
        >
          Your #1 Artist
        </span>
      </div>
    </div>
    <button
      className="MuiButtonBase-root MuiCardActionArea-root"
      disabled={false}
      onBlur={[Function]}
      onClick={[Function]}
      onDragLeave={[Function]}
      onFocus={[Function]}
      onKeyDown={[Function]}
      onKeyUp={[Function]}
      onMouseDown={[Function]}
      onMouseLeave={[Function]}
      onMouseUp={[Function]}
      onTouchEnd={[Function]}
      onTouchMove={[Function]}
      onTouchStart={[Function]}
      style={
        Object {
          "outline": "none",
        }
      }
      tabIndex={0}
      type="button"
    >
      <div
        className="MuiCardHeader-root MuiCardHeader-root-1"
      >
        <div
          className="MuiCardHeader-content"
        >
          <span
            className="MuiTypography-root MuiCardHeader-title MuiCardHeader-title MuiTypography-h5 MuiTypography-displayBlock"
          >
            eminem
          </span>
        </div>
      </div>
      <div
        className="MuiCardHeader-root MuiCardHeader-root-2"
      >
        <div
          className="MuiCardHeader-content"
        >
          <span
            className="MuiTypography-root MuiCardHeader-title MuiCardHeader-title MuiTypography-h5 MuiTypography-displayBlock"
          >
            hip hop
          </span>
        </div>
      </div>
      <div
        className="MuiCardMedia-root MuiCardContent-root"
        style={
          Object {
            "backgroundImage": "url(\\"img\\")",
          }
        }
      />
      <span
        className="MuiCardActionArea-focusHighlight"
      />
    </button>
  </div>
</div>
`;
